Command: C:\Espressif\tools\python\v6.0.1\venv\Scripts\python.exe C:\esp\v6.0.1\esp-idf\tools/idf_monitor.py -p COM3 -b 115200 --toolchain-prefix xtensa-esp32-elf- --target esp32 --revision 0 C:\Users\Deepa Agencies\Documents\my codes\esp32_projects\adc\build\adc.elf C:\Users\Deepa Agencies\Documents\my codes\esp32_projects\adc\build\bootloader\bootloader.elf --force-color -m 'C:\Espressif\tools\python\v6.0.1\venv\Scripts\python.exe' 'C:\esp\v6.0.1\esp-idf\tools\idf.py' '-p' 'COM3'
ets Ju�ets Jul 29 2019 12:21:46

rst:0x1 (POWERON_RESET),boot:0x13 (SPI_FAST_FLASH_BOOT)
configsip: 0, SPIWP:0xee
clk_drv:0x00,q_drv:0x00,d_drv:0x00,cs0_drv:0x00,hd_drv:0x00,wp_drv:0x00
mode:DIO, clock div:2
load:0x3fff0040,len:6272
load:0x40078000,len:15848
load:0x40080400,len:3920
entry 0x40080644
[0;32mI (27) boot: ESP-IDF v6.0.1 2nd stage bootloader[0m
[0;32mI (27) boot: compile time May 14 2026 01:00:52[0m
[0;32mI (27) boot: Multicore bootloader[0m
[0;32mI (29) boot: chip revision: v3.1[0m
[0;32mI (32) boot.esp32: SPI Speed      : 40MHz[0m
[0;32mI (35) boot.esp32: SPI Mode       : DIO[0m
[0;32mI (39) boot.esp32: SPI Flash Size : 2MB[0m
[0;32mI (42) boot: Enabling RNG early entropy source...[0m
[0;32mI (47) boot: Partition Table:[0m
[0;32mI (49) boot: ## Label            Usage          Type ST Offset   Length[0m
[0;32mI (56) boot:  0 nvs              WiFi data        01 02 00009000 00006000[0m
[0;32mI (62) boot:  1 phy_init         RF data          01 01 0000f000 00001000[0m
[0;32mI (69) boot:  2 factory          factory app      00 00 00010000 00100000[0m
[0;32mI (75) boot: End of partition table[0m
[0;32mI (79) esp_image: segment 0: paddr=00010020 vaddr=3f400020 size=08dc0h ( 36288) map[0m
[0;32mI (99) esp_image: segment 1: paddr=00018de8 vaddr=3ffb0000 size=02a2ch ( 10796) load[0m
[0;32mI (104) esp_image: segment 2: paddr=0001b81c vaddr=40080000 size=047fch ( 18428) load[0m
[0;32mI (111) esp_image: segment 3: paddr=00020020 vaddr=400d0020 size=0dbb0h ( 56240) map[0m
[0;32mI (132) esp_image: segment 4: paddr=0002dbd8 vaddr=400847fc size=06420h ( 25632) load[0m
[0;32mI (142) esp_image: segment 5: paddr=00034000 vaddr=50000000 size=00028h (    40) load[0m
[0;32mI (148) boot: Loaded app from partition at offset 0x10000[0m
[0;32mI (148) boot: Disabling RNG early entropy source...[0m
[0;32mI (160) cpu_start: Multicore app[0m
[0;32mI (169) cpu_start: GPIO 3 and 1 are used as console UART I/O pins[0m
[0;32mI (169) cpu_start: Pro cpu start user code[0m
[0;32mI (169) cpu_start: cpu freq: 160000000 Hz[0m
[0;32mI (171) app_init: Application information:[0m
[0;32mI (175) app_init: Project name:     adc[0m
[0;32mI (178) app_init: App version:      7ae74cf-dirty[0m
[0;32mI (183) app_init: Compile time:     May 14 2026 00:57:21[0m
[0;32mI (188) app_init: ELF file SHA256:  ad1d8c29c...[0m
[0;32mI (192) app_init: ESP-IDF:          v6.0.1[0m
[0;32mI (196) efuse_init: Min chip rev:     v0.0[0m
[0;32mI (200) efuse_init: Max chip rev:     v3.99 [0m
[0;32mI (204) efuse_init: Chip rev:         v3.1[0m
[0;32mI (208) heap_init: Initializing. RAM available for dynamic allocation:[0m
[0;32mI (214) heap_init: At 3FFAE6E0 len 00001920 (6 KiB): DRAM[0m
[0;32mI (219) heap_init: At 3FFB33F8 len 0002CC08 (179 KiB): DRAM[0m
[0;32mI (224) heap_init: At 3FFE0440 len 00003AE0 (14 KiB): D/IRAM[0m
[0;32mI (229) heap_init: At 3FFE4350 len 0001BCB0 (111 KiB): D/IRAM[0m
[0;32mI (235) heap_init: At 4008AC1C len 000153E4 (84 KiB): IRAM[0m
[0;33mW (241) spi_flash: Detected boya flash chip but using generic driver. For optimal functionality, enable `SPI_FLASH_SUPPORT_BOYA_CHIP` in menuconfig[0m
[0;32mI (253) spi_flash: detected chip: generic[0m
[0;32mI (257) spi_flash: flash io: dio[0m
[0;33mW (260) spi_flash: Detected size(4096k) larger than the size in the binary image header(2048k). Using the size in the binary image header.[0m
[0;32mI (273) main_task: Started on CPU0[0m
[0;32mI (283) main_task: Calling app_main()[0m
Raw ADC Value = 4095
Raw ADC Value = 4095
Raw ADC Value = 4095
Raw ADC Value = 4095
Raw ADC Value = 4095
Raw ADC Value = 4095
Raw ADC Value = 4095
Raw ADC Value = 4095
Raw ADC Value = 4095
Raw ADC Value = 4095
Raw ADC Value = 4095
Raw ADC Value = 4095
Raw ADC Value = 4095
Raw ADC Value = 4095
Raw ADC Value = 4095
Raw ADC Value = 4095
Raw ADC Value = 4095
Raw ADC Value = 4095
Raw ADC Value = 0
Raw ADC Value = 0
Raw ADC Value = 0
Raw ADC Value = 0
Raw ADC Value = 4095
Raw ADC Value = 4095
Raw ADC Value = 4095
Raw ADC Value = 4095
Raw ADC Value = 4095
Raw ADC Value = 4095
Raw ADC Value = 4095
Raw ADC Value = 4095
Raw ADC Value = 4095
Raw ADC Value = 4095
Raw ADC Value = 4095
Raw ADC Value = 4095
Raw ADC Value = 4095
Raw ADC Value = 4095
Raw ADC Value = 4095
Raw ADC Value = 4095
Raw ADC Value = 4095
Raw ADC Value = 4095
Raw ADC Value = 4095
Raw ADC Value = 4095
Raw ADC Value = 4095
Raw ADC Value = 4095
Raw ADC Value = 4095
Raw ADC Value = 4095
Raw ADC Value = 4095
Raw ADC Value = 4095
Raw ADC Value = 4095
Raw ADC Value = 4095
Raw ADC Value = 4095
Raw ADC Value = 4095
Raw ADC Value = 4095
Raw ADC Value = 4095
Raw ADC Value = 4095
Raw ADC Value = 4095
Raw ADC Value = 4095
Raw ADC Value = 4095
Raw ADC Value = 4095
Raw ADC Value = 4095
Raw ADC Value = 4095
Raw ADC Value = 4095
Raw ADC Value = 4095
Raw ADC Value = 4095
Raw ADC Value = 4095
Raw ADC Value = 4095
Raw ADC Value = 4095
Raw ADC Value = 4095
Raw ADC Value = 4095
Raw ADC Value = 4095
Raw ADC Value = 4095
Raw ADC Value = 4095
Raw ADC Value = 4095
Raw ADC Value = 4095
Raw ADC Value = 4095
Raw ADC Value = 4095
